// Jest Snapshot v1, https://goo.gl/fbAQLP

exports[`creates a basic parser AST 1`] = `
Object {
  "children": Array [
    Object {
      "children": Array [
        Object {
          "children": Array [
            Object {
              "children": Array [],
              "endPosition": Object {
                "character": 22,
                "line": 7,
              },
              "kind": "ParserStateExpression",
              "startPosition": Object {
                "character": 4,
                "line": 7,
              },
            },
          ],
          "kind": "ParserStateNode",
          "name": "start",
        },
      ],
      "kind": "ParserDeclaration",
      "parameters": Array [
        Object {
          "children": Array [],
          "endPosition": Object {
            "character": 32,
            "line": 1,
          },
          "identifier": "packet",
          "kind": "ParameterNode",
          "startPosition": Object {
            "character": 16,
            "line": 1,
          },
          "type": "packet_in",
        },
        Object {
          "children": Array [],
          "endPosition": Object {
            "character": 17,
            "line": 2,
          },
          "identifier": "hdr",
          "kind": "ParameterNode",
          "startPosition": Object {
            "character": 2,
            "line": 2,
          },
          "type": "headers",
        },
        Object {
          "children": Array [],
          "endPosition": Object {
            "character": 21,
            "line": 3,
          },
          "identifier": "meta",
          "kind": "ParameterNode",
          "startPosition": Object {
            "character": 2,
            "line": 3,
          },
          "type": "metadata",
        },
        Object {
          "children": Array [],
          "endPosition": Object {
            "character": 45,
            "line": 4,
          },
          "identifier": "standard_metadata",
          "kind": "ParameterNode",
          "startPosition": Object {
            "character": 2,
            "line": 4,
          },
          "type": "standard_metadata_t",
        },
      ],
    },
  ],
  "kind": "File",
}
`;
